// Jest Snapshot v1, https://goo.gl/fbAQLP

exports[`Pruebas en <Gif /> Debe hacer match con el snapshot 1`] = `
<div>
  <div
    class="card"
  >
    <img
      alt="Gif loco"
      src="https://undom.com/"
    />
    <p>
      Gif loco
    </p>
  </div>
</div>
`;
